main.c:98:6:SevenSegment_Update	16	static
main.c:108:6:ADC_select_CH10	24	static
main.c:120:6:ADC_select_CH11	24	static
main.c:132:6:ADC_select_CH12	24	static
main.c:146:6:ADC_select_CH13	24	static
main.c:158:6:ADC_select_CH0	24	static
main.c:178:5:main	16	static
main.c:459:6:SystemClock_Config	88	static
main.c:503:13:MX_ADC1_Init	24	static
main.c:580:13:MX_SPI1_Init	8	static
main.c:618:13:MX_TIM3_Init	64	static
main.c:685:13:MX_USART2_UART_Init	8	static
main.c:718:13:MX_GPIO_Init	40	static
main.c:790:6:Error_Handler	4	static
